--- Testing Dynamic Lagna Logic ---
[VedicAPI] Calculated for 2024-6-15: Asc=198.95 (Lahiri)
[VedicAPI] Calculated for 2024-6-15: Asc=212.87 (Lahiri)
[VedicAPI] Calculated for 2024-6-15: Asc=253.99 (Lahiri)

--- Dynamic Lagna Result ---
Batting Rules: [
  {
    "en": "BAT Rule 3: Star (+4)",
    "ta": "α«¬α»çα«ƒα»ìα«ƒα«┐α«Öα»ì α«╡α«┐α«ñα«┐ 3: α«¿α«ƒα»ìα«Üα«ñα»ìα«ñα«┐α«░ α«╡α«┐α«ñα«┐ (+4)"
  },
  {
    "en": "BAT Rule 4: Conjunction (Star Lord) (+4)",
    "ta": "α«¬α»çα«ƒα»ìα«ƒα«┐α«Öα»ì α«╡α«┐α«ñα«┐ 4: α«Üα»çα«░α»ìα«òα»ìα«òα»ê α«╡α«┐α«ñα«┐ (α«¿α«ƒα»ìα«Üα«ñα»ìα«ñα«┐α«░ α«àα«ñα«┐α«¬α«ñα«┐) (+4)"
  }
]
Batting Score: 8

Bowling Rules: [
  {
    "en": "BOWL Rule 3: Star (+3)",
    "ta": "α«¬α«╡α»üα«▓α«┐α«Öα»ì α«╡α«┐α«ñα«┐ 3: α«¿α«ƒα»ìα«Üα«ñα»ìα«ñα«┐α«░ α«╡α«┐α«ñα«┐ (+3)"
  },
  {
    "en": "BOWL Rule 4: Conjunction Star (Star Lord) (+4)",
    "ta": "α«¬α«╡α»üα«▓α«┐α«Öα»ì α«╡α«┐α«ñα«┐ 4: α«Üα»çα«░α»ìα«òα»ìα«òα»ê α«╡α«┐α«ñα«┐ (α«¿α«ƒα»ìα«Üα«ñα»ìα«ñα«┐α«░ α«àα«ñα«┐α«¬α«ñα«┐) (+4)"
  }
]
Bowling Score: 7

--- Testing Default Lagna (Match Start Time) ---
[VedicAPI] Calculated for 2024-6-15: Asc=198.95 (Lahiri)
Default Batting Score: 8
Default Bowling Score: 7
